../Core/Src/main.c:121:5:__io_putchar	16	static
../Core/Src/main.c:136:6:set_up_led	16	static
../Core/Src/main.c:167:6:uart_received_task	24	static
../Core/Src/main.c:225:5:main	8	static
../Core/Src/main.c:322:6:SystemClock_Config	72	static
../Core/Src/main.c:362:13:MX_TIM2_Init	32	static
../Core/Src/main.c:407:13:MX_USART2_UART_Init	8	static
../Core/Src/main.c:440:13:MX_GPIO_Init	40	static
../Core/Src/main.c:500:6:HAL_UART_RxCpltCallback	16	static
../Core/Src/main.c:518:6:read_data_Task	24	static
../Core/Src/main.c:554:6:button_set_mode_Task	16	static
../Core/Src/main.c:599:6:key_pad_Task	24	static
../Core/Src/main.c:694:6:display_led7seg_Task	16	static
../Core/Src/main.c:718:6:cb_timer_get_key_pad	16	static
../Core/Src/main.c:737:6:HAL_TIM_PeriodElapsedCallback	16	static
../Core/Src/main.c:754:6:Error_Handler	4	static,ignoring_inline_asm
