../Core/Src/main.c:84:5:__io_putchar	16	static
../Core/Src/main.c:99:6:set_up_led	16	static
../Core/Src/main.c:129:6:read_sensor_task	8	static
../Core/Src/main.c:148:6:key_pad_task	8	static
../Core/Src/main.c:227:6:display_led7seg_task	8	static
../Core/Src/main.c:243:6:uart_received_task	24	static
../Core/Src/main.c:296:6:button_set_mode_task	16	static
../Core/Src/main.c:329:5:main	8	static
../Core/Src/main.c:390:6:SystemClock_Config	72	static
../Core/Src/main.c:430:13:MX_TIM2_Init	32	static
../Core/Src/main.c:475:13:MX_TIM3_Init	32	static
../Core/Src/main.c:520:13:MX_TIM4_Init	32	static
../Core/Src/main.c:565:13:MX_USART2_UART_Init	8	static
../Core/Src/main.c:598:13:MX_GPIO_Init	40	static
../Core/Src/main.c:662:6:HAL_TIM_PeriodElapsedCallback	16	static
../Core/Src/main.c:688:6:HAL_GPIO_EXTI_Callback	16	static
../Core/Src/main.c:699:6:HAL_UART_RxCpltCallback	16	static
../Core/Src/main.c:714:6:Error_Handler	4	static,ignoring_inline_asm
